// Jest Snapshot v1, https://goo.gl/fbAQLP

exports[`GameInfo component renders a GameInfo with supplied props 1`] = `
<div
  className="game-info-container"
>
  <div
    className="game-info-text-holder game-info-holder"
  >
    <p />
    <p>
      Genre: 
    </p>
    <p>
      Rating: 
    </p>
    <p>
      Release Date: 
      Invalid Date
    </p>
    <p>
      Developer: 
    </p>
    <Button
      disabled={true}
    >
      Sign in to add game to wishlist
    </Button>
  </div>
</div>
`;
