// Jest Snapshot v1, https://goo.gl/fbAQLP

exports[`GamesHomePage component renders a GamesHomePage component 1`] = `
<ContextProvider
  value={
    Object {
      "clearError": [Function],
      "error": null,
      "gamesList": Array [],
      "setError": [Function],
      "setGamesList": [Function],
    }
  }
>
  <GamesHomePage />
</ContextProvider>
`;
