// Jest Snapshot v1, https://goo.gl/fbAQLP

exports[`LoginPage component renders a LoginPage component without props 1`] = `
<Fragment>
  <Header />
  <Section>
    <h2>
      Login
    </h2>
    <LoginForm
      className="LoginPage"
      onLoginSuccess={[Function]}
    />
  </Section>
</Fragment>
`;
