// Jest Snapshot v1, https://goo.gl/fbAQLP

exports[`Post game component renders the complete form 1`] = `
<form
  className=""
  onSubmit={[Function]}
>
  <div
    role="alert"
  />
  <div
    className="title"
  >
    <label
      htmlFor="PostGameForm_title"
    >
      Title
    </label>
    <Input
      id="PostGameForm_title"
      name="title"
      required={true}
    />
  </div>
  <div
    className="description"
  >
    <label
      htmlFor="PostGameForm_description"
    >
      description
    </label>
    <Textarea
      id="PostGameForm_description"
      name="description"
      required={true}
    />
  </div>
  <div
    className="genre"
  >
    <label
      htmlFor="PostGameForm_genre"
    >
      Genre
    </label>
    <select
      id="PostGameForm_genre"
      name="genre"
      required={true}
    >
      <option
        value="Action"
      >
        Action
      </option>
      <option
        value="Adventure"
      >
        Adventure
      </option>
      <option
        value="Simulation"
      >
        Simulation
      </option>
      <option
        value="Strategy"
      >
        Strategy
      </option>
      <option
        value="RPG"
      >
        RPG
      </option>
      <option
        value="Sports"
      >
        Sports
      </option>
      <option
        value="Horror"
      >
        Horror
      </option>
      <option
        value="FPS"
      >
        FPS
      </option>
      <option
        value="Third Person"
      >
        Third Person
      </option>
      <option
        value="Point And Click"
      >
        Point And Click
      </option>
      <option
        value="Mystery"
      >
        Mystery
      </option>
      <option
        value="RTS"
      >
        RTS
      </option>
      <option
        value="Puzzle"
      >
        Puzzle
      </option>
    </select>
  </div>
  <div
    className="rating"
  >
    <label
      htmlFor="PostGameForm_rating"
    >
      rating
    </label>
    <Slider
      className="slider"
      handleLabel=""
      id="PostGameForm_rating"
      labels={Object {}}
      max={10}
      min={0}
      name="rating"
      onChange={[Function]}
      orientation="horizontal"
      reverse={false}
      step={1}
      tooltip={true}
      value={0}
    />
  </div>
  <div
    className="release_date"
  >
    <label
      htmlFor="PostGameForm_release_date"
    >
      release date
    </label>
    <Input
      id="PostGameForm_release_date"
      name="release_date"
      required={true}
    />
  </div>
  <div
    className="developer"
  >
    <label
      htmlFor="PostGameForm_developer"
    >
      developer
    </label>
    <Input
      id="PostGameForm_developer"
      name="developer"
      required={true}
    />
  </div>
  <div
    className="trailer_url"
  >
    <label
      htmlFor="PostGameForm_trailer_url"
    >
      trailer youtube url
    </label>
    <Input
      id="PostGameForm_trailer_url"
      name="trailer_url"
      required={true}
    />
  </div>
  <div
    className="image_url_box_art"
  >
    <label
      htmlFor="PostGameForm_image_url_box_art"
    >
      cover art
    </label>
    <Input
      id="PostGameForm_image_url_box_art"
      name="image_url_box_art"
      required={true}
    />
  </div>
  <div
    className="image_url_two"
  >
    <label
      htmlFor="PostGameForm_image_url_two"
    >
      screen shot 1
    </label>
    <Input
      id="PostGameForm_image_url_two"
      name="image_url_two"
      required={true}
    />
  </div>
  <div
    className="image_url_three"
  >
    <label
      htmlFor="PostGameForm_image_url_three"
    >
      screen shot 2
    </label>
    <Input
      id="PostGameForm_image_url_three"
      name="image_url_three"
      required={true}
    />
  </div>
  <div
    className="image_url_four"
  >
    <label
      htmlFor="PostGameForm_image_url_four"
    >
      screen shot 3
    </label>
    <Input
      id="PostGameForm_image_url_four"
      name="image_url_four"
      required={true}
    />
  </div>
  <div
    className="image_url_five"
  >
    <label
      htmlFor="PostGameForm_image_url_five"
    >
      screen shot 4
    </label>
    <Input
      id="PostGameForm_image_url_five"
      name="image_url_five"
      required={true}
    />
  </div>
  <Button
    type="submit"
  >
    Submit Game
  </Button>
</form>
`;
