// Jest Snapshot v1, https://goo.gl/fbAQLP

exports[`Post game component renders the complete form 1`] = `
<form
  className=""
  onSubmit={[Function]}
>
  <div
    role="alert"
  />
  <div
    className="form-container"
  >
    <div
      className="label-container"
    >
      <label
        htmlFor="PostGameForm_title"
      >
        Title
      </label>
    </div>
    <div
      className="input-container"
    >
      <Input
        id="PostGameForm_title"
        name="title"
        required={true}
      />
    </div>
  </div>
  <div
    className="form-container"
  >
    <div
      className="label-container"
    >
      <label
        htmlFor="PostGameForm_description"
      >
        Description
      </label>
    </div>
    <div
      className="input-container"
    >
      <Textarea
        id="PostGameForm_description"
        name="description"
        required={true}
      />
    </div>
  </div>
  <div
    className="form-container"
  >
    <div
      className="label-container"
    >
      <label
        htmlFor="PostGameForm_genre"
      >
        Genre
      </label>
    </div>
    <div
      className="input-container"
    >
      <Select
        id="PostGameForm_genre"
        name="genre"
        required={true}
      >
        <Option
          value="Action"
        >
          Action
        </Option>
        <Option
          value="Adventure"
        >
          Adventure
        </Option>
        <Option
          value="Simulation"
        >
          Simulation
        </Option>
        <Option
          value="Strategy"
        >
          Strategy
        </Option>
        <Option
          value="RPG"
        >
          RPG
        </Option>
        <Option
          value="Sports"
        >
          Sports
        </Option>
        <Option
          value="Horror"
        >
          Horror
        </Option>
        <Option
          value="FPS"
        >
          FPS
        </Option>
        <Option
          value="Third Person"
        >
          Third Person
        </Option>
        <Option
          value="Point And Click"
        >
          Point And Click
        </Option>
        <Option
          value="Mystery"
        >
          Mystery
        </Option>
        <Option
          value="RTS"
        >
          RTS
        </Option>
        <Option
          value="Puzzle"
        >
          Puzzle
        </Option>
      </Select>
    </div>
  </div>
  <div
    className="rating"
  >
    <label
      htmlFor="PostGameForm_rating"
    >
      Rating
    </label>
    <div
      className="slider"
    >
      <Slider
        handleLabel=""
        id="PostGameForm_rating"
        labels={Object {}}
        max={10}
        min={0}
        name="rating"
        onChange={[Function]}
        orientation="horizontal"
        reverse={false}
        step={1}
        tooltip={true}
        value={0}
      />
    </div>
  </div>
  <div
    className="form-container"
  >
    <div
      className="label-container YearNavigation release_date"
    >
      <label
        htmlFor="release_date"
      >
        Release Date
      </label>
    </div>
    <div
      className="input-container"
    >
      <Input
        name="release_date"
        required={true}
        type="date"
      />
    </div>
  </div>
  <div
    className="form-container"
  >
    <div
      className="label-container"
    >
      <label
        htmlFor="PostGameForm_developer"
      >
        Developer
      </label>
    </div>
    <div
      className="input-container"
    >
      <Input
        id="PostGameForm_developer"
        name="developer"
        required={true}
      />
    </div>
  </div>
  <div
    className="form-container"
  >
    <div
      className="label-container"
    >
      <label
        htmlFor="PostGameForm_trailer_url"
      >
        Youtube Url
      </label>
    </div>
    <div
      className="input-container"
    >
      <Input
        id="PostGameForm_trailer_url"
        name="trailer_url"
        required={true}
      />
    </div>
  </div>
  <div
    className="important"
  >
    <h3>
      Important: Only use images with a 16:9 aspect ratio
    </h3>
  </div>
  <div
    className="form-container"
  >
    <div
      className="label-container"
    >
      <label
        htmlFor="PostGameForm_image_url_box_art"
      >
        Cover Art
      </label>
    </div>
    <div
      className="input-container"
    >
      <Input
        id="PostGameForm_image_url_box_art"
        name="image_url_box_art"
        required={true}
      />
    </div>
  </div>
  <div
    className="form-container"
  >
    <div
      className="label-container"
    >
      <label
        htmlFor="PostGameForm_image_url_two"
      >
        Screen Shot 1
      </label>
    </div>
    <div
      className="input-container"
    >
      <Input
        id="PostGameForm_image_url_two"
        name="image_url_two"
      />
    </div>
  </div>
  <div
    className="form-container"
  >
    <div
      className="label-container"
    >
      <label
        htmlFor="PostGameForm_image_url_three"
      >
        Screen Shot 2
      </label>
    </div>
    <div
      className="input-container"
    >
      <Input
        id="PostGameForm_image_url_three"
        name="image_url_three"
      />
    </div>
  </div>
  <div
    className="form-container"
  >
    <div
      className="label-container"
    >
      <label
        htmlFor="PostGameForm_image_url_four"
      >
        Screen Shot 3
      </label>
    </div>
    <div
      className="input-container"
    >
      <Input
        id="PostGameForm_image_url_four"
        name="image_url_four"
      />
    </div>
  </div>
  <div
    className="form-container"
  >
    <div
      className="label-container"
    >
      <label
        htmlFor="PostGameForm_image_url_five"
      >
        Screen Shot 4
      </label>
    </div>
    <div
      className="input-container"
    >
      <Input
        id="PostGameForm_image_url_five"
        name="image_url_five"
      />
    </div>
  </div>
  <Button
    type="submit"
  >
    Submit Game
  </Button>
</form>
`;
