// Jest Snapshot v1, https://goo.gl/fbAQLP

exports[`GamesList component renders a GamesList with supplied games 1`] = `
Array [
  <GameItem
    game={
      Object {
        "description": "Forge your own path in Hollow Knight! An epic action adventure through a vast ruined kingdom of insects and heroes. Explore twisting caverns, battle tainted creatures and befriend bizarre bugs, all in a classic, hand-drawn 2D style.",
        "developer": "Team Cherry",
        "genre": "Adventure",
        "id": "1",
        "image_url_box_art": "https://steamcdn-a.akamaihd.net/steam/apps/367520/capsule_616x353.jpg?t=1577747500",
        "image_url_three": "https://i.pinimg.com/originals/35/b6/1e/35b61ecc72dc845891b779b6e6ce79bd.jpg",
        "image_url_two": "https://hollowknight.com/wp-content/uploads/2018/09/false_knight.jpg",
        "rating": "4",
        "release_date": "2018-07-22",
        "title": "Hollow Knight",
        "trailer_url": "https://www.youtube.com/watch?v=UAO2urG23S4&ab_channel=TeamCherry",
      }
    }
    key="0"
  />,
  <GameItem
    game={
      Object {
        "description": "Forge your own path in Hollow Knight! An epic action adventure through a vast ruined kingdom of insects and heroes. Explore twisting caverns, battle tainted creatures and befriend bizarre bugs, all in a classic, hand-drawn 2D style.",
        "developer": "Team Cherry",
        "genre": "Adventure",
        "id": "2",
        "image_url_box_art": "https://steamcdn-a.akamaihd.net/steam/apps/367520/capsule_616x353.jpg?t=1577747500",
        "image_url_three": "https://i.pinimg.com/originals/35/b6/1e/35b61ecc72dc845891b779b6e6ce79bd.jpg",
        "image_url_two": "https://hollowknight.com/wp-content/uploads/2018/09/false_knight.jpg",
        "rating": "4",
        "release_date": "2018-07-22",
        "title": "Hollow Knight",
        "trailer_url": "https://www.youtube.com/watch?v=UAO2urG23S4&ab_channel=TeamCherry",
      }
    }
    key="1"
  />,
]
`;

exports[`GamesList component renders a GamesList without props 1`] = `null`;
