// Jest Snapshot v1, https://goo.gl/fbAQLP

exports[`DeleteGameForm component renders a form.DeleteGameForm by default 1`] = `
<form
  className="DeleteForm"
  onSubmit={[Function]}
>
  <div
    role="alert"
  />
  <div
    className="title"
  >
    <label
      htmlFor="DeleteGameForm_title"
    >
      Title
    </label>
    <Input
      id="DeleteGameForm_title"
      name="title"
      onChange={[Function]}
      required={true}
      value=""
    />
  </div>
  <Button
    disabled={true}
    type="submit"
  >
    Delete Game
  </Button>
</form>
`;
