// Jest Snapshot v1, https://goo.gl/fbAQLP

exports[`LoginForm component renders a form.Login by default 1`] = `
<form
  className="LoginForm"
  onSubmit={[Function]}
>
  <div
    role="alert"
  />
  <div
    className="form-container"
  >
    <div
      className="label-container"
    >
      <label
        htmlFor="LoginForm__user_name"
      >
        User name
      </label>
    </div>
    <div
      className="input-container"
    >
      <Input
        id="LoginForm__user_name"
        name="user_name"
        required={true}
      />
    </div>
  </div>
  <div
    className="form-container"
  >
    <div
      className="label-container"
    >
      <label
        htmlFor="LoginForm__password"
      >
        Password
      </label>
    </div>
    <div
      className="input-container"
    >
      <Input
        id="LoginForm__password"
        name="password"
        required={true}
        type="password"
      />
    </div>
  </div>
  <Button
    type="submit"
  >
    Login
  </Button>
</form>
`;
