// Jest Snapshot v1, https://goo.gl/fbAQLP

exports[`SearchPage component renders a SearchPage component 1`] = `
<ContextProvider
  value={
    Object {
      "clearError": [Function],
      "error": null,
      "gamesList": Array [],
      "setError": [Function],
      "setGamesList": [Function],
    }
  }
>
  <SearchPage />
</ContextProvider>
`;
